// Jest Snapshot v1, https://goo.gl/fbAQLP

exports[`ProcessListItem ProcessListItem renders correctly 1`] = `
<div>
  <div
    class="process"
  >
    <div
      class="process__item"
    >
      <div>
        <a
          class="govuk-link lbh-link lbh-link--no-visited-state lbh-heading-h4"
          href="/person/39273cf3-6a78-45e1-32d4-b9637e310527"
          target="_blank"
        >
          Mr Ersan Kuneri
        </a>
      </div>
      <div
        style="margin-top: 0px;"
      >
        <a
          class="govuk-link lbh-link lbh-link--no-visited-state"
          href="/person/39273cf3-6a78-45e1-32d4-b9637e310527"
          target="_blank"
        >
          72251 Champlin Trafficway, 99647
        </a>
      </div>
    </div>
    <div
      class="process__item --processName"
    >
      <a
        class="govuk-link lbh-link lbh-link--no-visited-state lbh-heading-h4"
        href="/processes/soletojoint/39273cf3-6a78-45e1-32d4-b9637e310527"
        target="_blank"
      >
        Sole to Joint
      </a>
    </div>
    <div
      class="process__item --createdAt"
    >
      <div
        class="process__title"
      >
        Initiated
      </div>
      <div
        class="process__createdAt"
      >
        24/06/2022
      </div>
    </div>
    <div
      class="process__item --status"
    >
      <span
        class="govuk-tag lbh-tag"
      >
        Process Closed
      </span>
    </div>
  </div>
</div>
`;
