// Jest Snapshot v1, https://goo.gl/fbAQLP

exports[`WorkOrderList renders 1`] = `
<div>
  <div
    class="work-order-list"
  >
    <div
      class="govuk-form-group lbh-form-group"
      id="filter"
    >
      <label
        class="govuk-label lbh-label"
        for="filter-field"
      >
        Show:
        
      </label>
      <select
        class="govuk-select lbh-select"
        data-testid="work-order-list:filter"
        id="filter-field"
      >
        <option
          value="Cancelled"
        >
          repairs cancelled
        </option>
        <option
          value="Completed"
        >
          repairs completed
        </option>
        <option
          value="InProgress"
        >
          repairs in progress
        </option>
        <option
          value="Locked"
        >
          repairs locked
        </option>
        <option
          value="OnHold"
        >
          repairs on hold
        </option>
      </select>
    </div>
    <div>
      <div
        class="mtfh-card-list"
      >
        <div
          class="mtfh-link-box"
        >
          <div
            class="mtfh-card"
          >
            <div
              class="mtfh-link-overlay"
            >
              <a
                class="govuk-link lbh-link lbh-link"
                href="/api/v1/work-orders/8070582"
                rel="noopener noreferrer"
                target="_blank"
              >
                <span
                  class="work-order-list-item__trim"
                >
                  dolorem
                  : 
                  Aliquid est quos non qui qui totam odio blanditiis
                </span>
              </a>
            </div>
            <dl
              class="govuk-summary-list govuk-summary-list--no-border mtfh-summary-list--inline lbh-summary-list"
            >
              <div
                class="govuk-summary-list__row"
              >
                <dt
                  class="govuk-summary-list__key"
                >
                  Raised at:
                </dt>
                <dd
                  class="govuk-summary-list__value"
                >
                  14/05/2001
                </dd>
              </div>
              <div
                class="govuk-summary-list__row"
              >
                <dt
                  class="govuk-summary-list__key"
                >
                  Priority:
                </dt>
                <dd
                  class="govuk-summary-list__value"
                >
                  aut
                </dd>
              </div>
            </dl>
            <hr
              class="mtfh-card-break"
            />
            <div
              class="work-order-list-item__status"
            >
               
              eius
            </div>
          </div>
        </div>
        <div
          class="mtfh-link-box"
        >
          <div
            class="mtfh-card"
          >
            <div
              class="mtfh-link-overlay"
            >
              <a
                class="govuk-link lbh-link lbh-link"
                href="/api/v1/work-orders/84791138"
                rel="noopener noreferrer"
                target="_blank"
              >
                <span
                  class=""
                >
                  nostrum
                  : 
                  Vel culpa dolore ad nihil natus aut tempore.
                </span>
              </a>
            </div>
            <dl
              class="govuk-summary-list govuk-summary-list--no-border mtfh-summary-list--inline lbh-summary-list"
            >
              <div
                class="govuk-summary-list__row"
              >
                <dt
                  class="govuk-summary-list__key"
                >
                  Raised at:
                </dt>
                <dd
                  class="govuk-summary-list__value"
                >
                  27/01/2015
                </dd>
              </div>
              <div
                class="govuk-summary-list__row"
              >
                <dt
                  class="govuk-summary-list__key"
                >
                  Priority:
                </dt>
                <dd
                  class="govuk-summary-list__value"
                >
                  in
                </dd>
              </div>
            </dl>
            <hr
              class="mtfh-card-break"
            />
            <div
              class="work-order-list-item__status"
            >
               
              et
            </div>
          </div>
        </div>
        <div
          class="mtfh-link-box"
        >
          <div
            class="mtfh-card"
          >
            <div
              class="mtfh-link-overlay"
            >
              <a
                class="govuk-link lbh-link lbh-link"
                href="/api/v1/work-orders/113666338"
                rel="noopener noreferrer"
                target="_blank"
              >
                <span
                  class=""
                >
                  ea
                  : 
                  Et aut nihil doloremque deleniti et consequuntur.
                </span>
              </a>
            </div>
            <dl
              class="govuk-summary-list govuk-summary-list--no-border mtfh-summary-list--inline lbh-summary-list"
            >
              <div
                class="govuk-summary-list__row"
              >
                <dt
                  class="govuk-summary-list__key"
                >
                  Raised at:
                </dt>
                <dd
                  class="govuk-summary-list__value"
                >
                  28/06/2013
                </dd>
              </div>
              <div
                class="govuk-summary-list__row"
              >
                <dt
                  class="govuk-summary-list__key"
                >
                  Priority:
                </dt>
                <dd
                  class="govuk-summary-list__value"
                >
                  et
                </dd>
              </div>
            </dl>
            <hr
              class="mtfh-card-break"
            />
            <div
              class="work-order-list-item__status"
            >
               
              ducimus
            </div>
          </div>
        </div>
        <div
          class="mtfh-link-box"
        >
          <div
            class="mtfh-card"
          >
            <div
              class="mtfh-link-overlay"
            >
              <a
                class="govuk-link lbh-link lbh-link"
                href="/api/v1/work-orders/97651871"
                rel="noopener noreferrer"
                target="_blank"
              >
                <span
                  class=""
                >
                  repellendus
                  : 
                  Nulla molestias similique.
                </span>
              </a>
            </div>
            <dl
              class="govuk-summary-list govuk-summary-list--no-border mtfh-summary-list--inline lbh-summary-list"
            >
              <div
                class="govuk-summary-list__row"
              >
                <dt
                  class="govuk-summary-list__key"
                >
                  Raised at:
                </dt>
                <dd
                  class="govuk-summary-list__value"
                >
                  14/09/2016
                </dd>
              </div>
              <div
                class="govuk-summary-list__row"
              >
                <dt
                  class="govuk-summary-list__key"
                >
                  Priority:
                </dt>
                <dd
                  class="govuk-summary-list__value"
                >
                  consectetur
                </dd>
              </div>
            </dl>
            <hr
              class="mtfh-card-break"
            />
            <div
              class="work-order-list-item__status"
            >
               
              maiores
            </div>
          </div>
        </div>
        <div
          class="mtfh-link-box"
        >
          <div
            class="mtfh-card"
          >
            <div
              class="mtfh-link-overlay"
            >
              <a
                class="govuk-link lbh-link lbh-link"
                href="/api/v1/work-orders/106202098"
                rel="noopener noreferrer"
                target="_blank"
              >
                <span
                  class=""
                >
                  cumque
                  : 
                  Qui fugiat sint non.
                </span>
              </a>
            </div>
            <dl
              class="govuk-summary-list govuk-summary-list--no-border mtfh-summary-list--inline lbh-summary-list"
            >
              <div
                class="govuk-summary-list__row"
              >
                <dt
                  class="govuk-summary-list__key"
                >
                  Raised at:
                </dt>
                <dd
                  class="govuk-summary-list__value"
                >
                  18/09/2006
                </dd>
              </div>
              <div
                class="govuk-summary-list__row"
              >
                <dt
                  class="govuk-summary-list__key"
                >
                  Priority:
                </dt>
                <dd
                  class="govuk-summary-list__value"
                >
                  nihil
                </dd>
              </div>
            </dl>
            <hr
              class="mtfh-card-break"
            />
            <div
              class="work-order-list-item__status"
            >
               
              laborum
            </div>
          </div>
        </div>
        <div
          class="mtfh-link-box"
        >
          <div
            class="mtfh-card"
          >
            <div
              class="mtfh-link-overlay"
            >
              <a
                class="govuk-link lbh-link lbh-link"
                href="/api/v1/work-orders/40017102"
                rel="noopener noreferrer"
                target="_blank"
              >
                <span
                  class="work-order-list-item__trim"
                >
                  voluptas
                  : 
                  Ducimus qui repellendus laudantium blanditiis aut 
                </span>
              </a>
            </div>
            <dl
              class="govuk-summary-list govuk-summary-list--no-border mtfh-summary-list--inline lbh-summary-list"
            >
              <div
                class="govuk-summary-list__row"
              >
                <dt
                  class="govuk-summary-list__key"
                >
                  Raised at:
                </dt>
                <dd
                  class="govuk-summary-list__value"
                >
                  19/10/2000
                </dd>
              </div>
              <div
                class="govuk-summary-list__row"
              >
                <dt
                  class="govuk-summary-list__key"
                >
                  Priority:
                </dt>
                <dd
                  class="govuk-summary-list__value"
                >
                  laudantium
                </dd>
              </div>
            </dl>
            <hr
              class="mtfh-card-break"
            />
            <div
              class="work-order-list-item__status"
            >
               
              maiores
            </div>
          </div>
        </div>
        <div
          class="mtfh-link-box"
        >
          <div
            class="mtfh-card"
          >
            <div
              class="mtfh-link-overlay"
            >
              <a
                class="govuk-link lbh-link lbh-link"
                href="/api/v1/work-orders/76461010"
                rel="noopener noreferrer"
                target="_blank"
              >
                <span
                  class=""
                >
                  delectus
                  : 
                  Non maxime eveniet voluptas quos et vero et quam.
                </span>
              </a>
            </div>
            <dl
              class="govuk-summary-list govuk-summary-list--no-border mtfh-summary-list--inline lbh-summary-list"
            >
              <div
                class="govuk-summary-list__row"
              >
                <dt
                  class="govuk-summary-list__key"
                >
                  Raised at:
                </dt>
                <dd
                  class="govuk-summary-list__value"
                >
                  15/10/2019
                </dd>
              </div>
              <div
                class="govuk-summary-list__row"
              >
                <dt
                  class="govuk-summary-list__key"
                >
                  Priority:
                </dt>
                <dd
                  class="govuk-summary-list__value"
                >
                  beatae
                </dd>
              </div>
            </dl>
            <hr
              class="mtfh-card-break"
            />
            <div
              class="work-order-list-item__status"
            >
               
              itaque
            </div>
          </div>
        </div>
        <div
          class="mtfh-link-box"
        >
          <div
            class="mtfh-card"
          >
            <div
              class="mtfh-link-overlay"
            >
              <a
                class="govuk-link lbh-link lbh-link"
                href="/api/v1/work-orders/117874276"
                rel="noopener noreferrer"
                target="_blank"
              >
                <span
                  class=""
                >
                  dicta
                  : 
                  Autem qui et consequatur ea laborum.
                </span>
              </a>
            </div>
            <dl
              class="govuk-summary-list govuk-summary-list--no-border mtfh-summary-list--inline lbh-summary-list"
            >
              <div
                class="govuk-summary-list__row"
              >
                <dt
                  class="govuk-summary-list__key"
                >
                  Raised at:
                </dt>
                <dd
                  class="govuk-summary-list__value"
                >
                  04/03/2008
                </dd>
              </div>
              <div
                class="govuk-summary-list__row"
              >
                <dt
                  class="govuk-summary-list__key"
                >
                  Priority:
                </dt>
                <dd
                  class="govuk-summary-list__value"
                >
                  et
                </dd>
              </div>
            </dl>
            <hr
              class="mtfh-card-break"
            />
            <div
              class="work-order-list-item__status"
            >
               
              perspiciatis
            </div>
          </div>
        </div>
        <div
          class="mtfh-link-box"
        >
          <div
            class="mtfh-card"
          >
            <div
              class="mtfh-link-overlay"
            >
              <a
                class="govuk-link lbh-link lbh-link"
                href="/api/v1/work-orders/42349149"
                rel="noopener noreferrer"
                target="_blank"
              >
                <span
                  class=""
                >
                  laborum
                  : 
                  Occaecati nihil sed quis.
                </span>
              </a>
            </div>
            <dl
              class="govuk-summary-list govuk-summary-list--no-border mtfh-summary-list--inline lbh-summary-list"
            >
              <div
                class="govuk-summary-list__row"
              >
                <dt
                  class="govuk-summary-list__key"
                >
                  Raised at:
                </dt>
                <dd
                  class="govuk-summary-list__value"
                >
                  31/10/2010
                </dd>
              </div>
              <div
                class="govuk-summary-list__row"
              >
                <dt
                  class="govuk-summary-list__key"
                >
                  Priority:
                </dt>
                <dd
                  class="govuk-summary-list__value"
                >
                  omnis
                </dd>
              </div>
            </dl>
            <hr
              class="mtfh-card-break"
            />
            <div
              class="work-order-list-item__status"
            >
               
              quas
            </div>
          </div>
        </div>
        <div
          class="mtfh-link-box"
        >
          <div
            class="mtfh-card"
          >
            <div
              class="mtfh-link-overlay"
            >
              <a
                class="govuk-link lbh-link lbh-link"
                href="/api/v1/work-orders/984924"
                rel="noopener noreferrer"
                target="_blank"
              >
                <span
                  class=""
                >
                  facere
                  : 
                  Rem rerum ut error.
                </span>
              </a>
            </div>
            <dl
              class="govuk-summary-list govuk-summary-list--no-border mtfh-summary-list--inline lbh-summary-list"
            >
              <div
                class="govuk-summary-list__row"
              >
                <dt
                  class="govuk-summary-list__key"
                >
                  Raised at:
                </dt>
                <dd
                  class="govuk-summary-list__value"
                >
                  28/11/2002
                </dd>
              </div>
              <div
                class="govuk-summary-list__row"
              >
                <dt
                  class="govuk-summary-list__key"
                >
                  Priority:
                </dt>
                <dd
                  class="govuk-summary-list__value"
                >
                  molestias
                </dd>
              </div>
            </dl>
            <hr
              class="mtfh-card-break"
            />
            <div
              class="work-order-list-item__status"
            >
               
              quos
            </div>
          </div>
        </div>
        <div
          class="mtfh-link-box"
        >
          <div
            class="mtfh-card"
          >
            <div
              class="mtfh-link-overlay"
            >
              <a
                class="govuk-link lbh-link lbh-link"
                href="/api/v1/work-orders/474545"
                rel="noopener noreferrer"
                target="_blank"
              >
                <span
                  class=""
                >
                  ipsa
                  : 
                  Reiciendis velit commodi id est quidem omnis.
                </span>
              </a>
            </div>
            <dl
              class="govuk-summary-list govuk-summary-list--no-border mtfh-summary-list--inline lbh-summary-list"
            >
              <div
                class="govuk-summary-list__row"
              >
                <dt
                  class="govuk-summary-list__key"
                >
                  Raised at:
                </dt>
                <dd
                  class="govuk-summary-list__value"
                >
                  09/12/2014
                </dd>
              </div>
              <div
                class="govuk-summary-list__row"
              >
                <dt
                  class="govuk-summary-list__key"
                >
                  Priority:
                </dt>
                <dd
                  class="govuk-summary-list__value"
                >
                  laboriosam
                </dd>
              </div>
            </dl>
            <hr
              class="mtfh-card-break"
            />
            <div
              class="work-order-list-item__status"
            >
               
              ut
            </div>
          </div>
        </div>
        <div
          class="mtfh-link-box"
        >
          <div
            class="mtfh-card"
          >
            <div
              class="mtfh-link-overlay"
            >
              <a
                class="govuk-link lbh-link lbh-link"
                href="/api/v1/work-orders/58703263"
                rel="noopener noreferrer"
                target="_blank"
              >
                <span
                  class=""
                >
                  aut
                  : 
                  Consequatur ut ullam quasi placeat quam.
                </span>
              </a>
            </div>
            <dl
              class="govuk-summary-list govuk-summary-list--no-border mtfh-summary-list--inline lbh-summary-list"
            >
              <div
                class="govuk-summary-list__row"
              >
                <dt
                  class="govuk-summary-list__key"
                >
                  Raised at:
                </dt>
                <dd
                  class="govuk-summary-list__value"
                >
                  27/07/2010
                </dd>
              </div>
              <div
                class="govuk-summary-list__row"
              >
                <dt
                  class="govuk-summary-list__key"
                >
                  Priority:
                </dt>
                <dd
                  class="govuk-summary-list__value"
                >
                  voluptatem
                </dd>
              </div>
            </dl>
            <hr
              class="mtfh-card-break"
            />
            <div
              class="work-order-list-item__status"
            >
               
              tempora
            </div>
          </div>
        </div>
      </div>
      <a
        class="govuk-link lbh-link repair-list__link"
        href="/api/v1/properties/00023400"
        rel="noopener noreferrer"
        target="_blank"
      >
        See all repairs in Repairs Hub &gt;
      </a>
    </div>
  </div>
</div>
`;
