// Jest Snapshot v1, https://jestjs.io/docs/snapshot-testing

exports[`it renders correctly 1`] = `
<div>
  <div
    class="mtfh-link-box"
  >
    <div
      class="mtfh-link-overlay"
    >
      <a
        class="govuk-link lbh-link lbh-link--no-visited-state"
        href="https://localhost"
      >
        Link
      </a>
    </div>
  </div>
</div>
`;
